ERC report (2026-09-29T06:19:36, Encoding UTF8)
Report includes: Errors, Warnings, Exclusions

***** Sheet /
[lib_symbol_mismatch]: Symbol '2N7000' doesn't match copy in library 'Transistor_FET'
    ; warning
    @(8.250 in, 6.050 in): Symbol Q54 [2N7000]
[endpoint_off_grid]: Symbol pin or wire end off connection grid
    ;  (excluded)
    @(1.950 in, 2.925 in): Horizontal Wire, length 0.200 in

***** Sheet /Alimentation/

***** Sheet /Mode_Coherence/

***** Sheet /Canal_Tail/

***** Sheet /Canal_Tail/Vehicule_Tail/

***** Sheet /Canal_Tail/Trailer_Tail/

***** Sheet /Canal_Tail/Bloc_Test_Tail/

***** Sheet /Canal_Brake/

***** Sheet /Canal_Brake/Vehicule_Brake/

***** Sheet /Canal_Brake/Trailer_Brake/

***** Sheet /Canal_Brake/Bloc_Test_Brake/

***** Sheet /Canal_Left/

***** Sheet /Canal_Left/Vehicule_Left/

***** Sheet /Canal_Left/Trailer_Left/

***** Sheet /Canal_Left/Bloc_Test_Left/

***** Sheet /Canal_Right/

***** Sheet /Canal_Right/Vehicule_Right/

***** Sheet /Canal_Right/Trailer_Right/

***** Sheet /Canal_Right/Bloc_Test_Right/

***** Sheet /Canal_Backup/

***** Sheet /Canal_Backup/Vehicule_Backup/

***** Sheet /Canal_Backup/Trailer_Backup/

***** Sheet /Canal_Backup/Bloc_Test_Backup/

***** Sheet /Canal_Aux/

***** Sheet /Canal_Aux/Vehicule_Aux/

***** Sheet /Canal_Aux/Trailer_Aux/

***** Sheet /Canal_Aux/Bloc_Test_Aux/

***** Sheet /Detection_De_Masse/

***** Sheet /Alarmes_Buzzer/

 ** ERC messages: 2  Errors 0  Warnings 1

 ** Ignored checks:
    - Global label only appears once in the schematic
    - Symbol pin or wire end off connection grid
    - Four connection points are joined together
    - SPICE model issue
    - Assigned footprint doesn't match footprint filters
